data: !!python/object:tests.robotcode.language_server.robotframework.tools.GeneratedTestData
  character: 8
  line: 100
  name: Keyword assignement
result: !!python/object:robotcode.language_server.common.lsp_types.Hover
  contents: !!python/object:robotcode.language_server.common.lsp_types.MarkupContent
    kind: !!python/object/apply:robotcode.language_server.common.lsp_types.MarkupKind
    - markdown
    value: (local variable) ${result}
  range: !!python/object:robotcode.language_server.common.lsp_types.Range
    end: !!python/object:robotcode.language_server.common.lsp_types.Position
      character: 12
      line: 100
    start: !!python/object:robotcode.language_server.common.lsp_types.Position
      character: 6
      line: 100
