data: !GeneratedTestData
  character: 8
  line: 143
  name: BDD Then keyword
result: null
