data: !!python/object:tests.robotcode.language_server.robotframework.tools.GeneratedTestData
  character: 14
  line: 178
  name: duplicated keyword
result: !!python/object:robotcode.language_server.common.lsp_types.Hover
  contents: !!python/object:robotcode.language_server.common.lsp_types.MarkupContent
    kind: !!python/object/apply:robotcode.language_server.common.lsp_types.MarkupKind
    - markdown
    value: '### Keyword *a resource keyword B*'
  range: !!python/object:robotcode.language_server.common.lsp_types.Range
    end: !!python/object:robotcode.language_server.common.lsp_types.Position
      character: 24
      line: 178
    start: !!python/object:robotcode.language_server.common.lsp_types.Position
      character: 4
      line: 178
