data: !!python/object:tests.robotcode.language_server.robotframework.tools.GeneratedTestData
  character: 34
  line: 200
  name: run keywords simple keyword and AND
result: !!python/object:robotcode.language_server.common.lsp_types.Hover
  contents: !!python/object:robotcode.language_server.common.lsp_types.MarkupContent
    kind: !!python/object/apply:robotcode.language_server.common.lsp_types.MarkupKind
    - markdown
    value: '### Keyword *a simple keyword*'
  range: !!python/object:robotcode.language_server.common.lsp_types.Range
    end: !!python/object:robotcode.language_server.common.lsp_types.Position
      character: 50
      line: 200
    start: !!python/object:robotcode.language_server.common.lsp_types.Position
      character: 34
      line: 200
