data: !GeneratedTestData
  character: 4
  line: 72
  name: Namespace from resource
result:
- !LocationLink
  origin_selection_range:
    end:
      character: 17
      line: 72
    start:
      character: 4
      line: 72
  target_range:
    end:
      character: 63
      line: 8
    start:
      character: 18
      line: 8
  target_selection_range:
    end:
      character: 63
      line: 8
    start:
      character: 18
      line: 8
  target_uri: goto.robot
