data: !!python/object:tests.robotcode.language_server.robotframework.tools.GeneratedTestData
  character: 48
  line: 123
  name: an overridden argument
result: null
