data: !!python/object:tests.robotcode.language_server.robotframework.tools.GeneratedTestData
  character: 9
  line: 191
  name: run keyword
result: !!python/object:robotcode.language_server.common.lsp_types.Hover
  contents: !!python/object:robotcode.language_server.common.lsp_types.MarkupContent
    kind: !!python/object/apply:robotcode.language_server.common.lsp_types.MarkupKind
    - markdown
    value: '### Keyword *Run Keyword*'
  range: !!python/object:robotcode.language_server.common.lsp_types.Range
    end: !!python/object:robotcode.language_server.common.lsp_types.Position
      character: 15
      line: 191
    start: !!python/object:robotcode.language_server.common.lsp_types.Position
      character: 4
      line: 191
