data: !!python/object:tests.robotcode.language_server.robotframework.tools.GeneratedTestData
  character: 31
  line: 200
  name: AND
result: null
