data: !GeneratedTestData
  character: 4
  line: 83
  name: Embedded keyword with variable
result:
- !Location
  range:
    end:
      character: 35
      line: 83
    start:
      character: 4
      line: 83
  uri: tests/references.robot
- !Location
  range:
    end:
      character: 31
      line: 122
    start:
      character: 0
      line: 122
  uri: tests/references.robot
