data: !!python/object:tests.robotcode.language_server.robotframework.tools.GeneratedTestData
  character: 18
  line: 93
  name: Namespace in Template
result: !!python/object:robotcode.language_server.common.lsp_types.Hover
  contents: !!python/object:robotcode.language_server.common.lsp_types.MarkupContent
    kind: !!python/object/apply:robotcode.language_server.common.lsp_types.MarkupKind
    - markdown
    value: '### Library *BuiltIn*'
  range: !!python/object:robotcode.language_server.common.lsp_types.Range
    end: !!python/object:robotcode.language_server.common.lsp_types.Position
      character: 25
      line: 93
    start: !!python/object:robotcode.language_server.common.lsp_types.Position
      character: 18
      line: 93
