data: !GeneratedTestData
  character: 48
  line: 7
  name: Variables Import
result: null
