data: !GeneratedTestData
  character: 10
  line: 167
  name: BDD Then keyword
result: !Hover
  contents:
    kind: markdown
    value: '### Keyword *Log*'
  range: null
