data: !GeneratedTestData
  character: 35
  line: 246
  name: run keywords simple keyword
result: !Hover
  contents:
    kind: markdown
    value: '### Keyword *a simple keyword*'
  range: null
