data: !GeneratedTestData
  character: 10
  line: 83
  name: Keyword in FOR loop
result: !Hover
  contents:
    kind: markdown
    value: '### Keyword *Log*'
  range: null
