data: !GeneratedTestData
  character: 13
  line: 62
  name: BuiltIn Keyword with Namespace
result:
- !LocationLink
  origin_selection_range:
    end:
      character: 15
      line: 62
    start:
      character: 12
      line: 62
  target_range:
    end:
      character: 0
      line: 2862
    start:
      character: 0
      line: 2861
  target_selection_range:
    end:
      character: 0
      line: 2862
    start:
      character: 0
      line: 2861
  target_uri: BuiltIn.py
