data: !GeneratedTestData
  character: 13
  line: 41
  name: a var from resource
result:
- !Location
  range:
    end:
      character: 20
      line: 1
    start:
      character: 2
      line: 1
  uri: resources/firstresource.resource
- !Location
  range:
    end:
      character: 31
      line: 37
    start:
      character: 13
      line: 37
  uri: tests/document_highlight.robot
- !Location
  range:
    end:
      character: 31
      line: 41
    start:
      character: 13
      line: 41
  uri: tests/references.robot
