data: !GeneratedTestData
  character: 6
  line: 146
  name: BDD Given
result: null
