data: !GeneratedTestData
  character: 6
  line: 86
  name: BuiltIn Keyword
result: !Hover
  contents:
    kind: !MarkupKind 'MARKDOWN'
    value: '### Keyword *Log*'
  range: null
