data: !GeneratedTestData
  character: 13
  line: 239
  name: argument usage
result: !Hover
  contents:
    kind: !MarkupKind 'MARKDOWN'
    value: (argument) ${a}
  range:
    end:
      character: 14
      line: 239
    start:
      character: 13
      line: 239
