data: !GeneratedTestData
  character: 14
  line: 86
  name: Ambiguous Embedded keyword with regex a to z
result: null
