data: !GeneratedTestData
  character: 41
  line: 235
  name: short keyword argument
result: !Hover
  contents:
    kind: !MarkupKind 'MARKDOWN'
    value: (argument) ${a}
  range:
    end:
      character: 42
      line: 235
    start:
      character: 41
      line: 235
