data: !GeneratedTestData
  character: 21
  line: 220
  name: another argument
result: !Hover
  contents:
    kind: !MarkupKind 'MARKDOWN'
    value: (argument) ${A VAR}
  range:
    end:
      character: 26
      line: 220
    start:
      character: 21
      line: 220
