data: !GeneratedTestData
  character: 20
  line: 242
  name: run keyword argument
result: !Hover
  contents:
    kind: !MarkupKind 'MARKDOWN'
    value: '### Keyword *Log*'
  range: null
