data: !GeneratedTestData
  character: 21
  line: 77
  name: unknown keyword
result: null
