data: !GeneratedTestData
  character: 4
  line: 193
  name: keyword with dot
result: !Hover
  contents:
    kind: !MarkupKind 'MARKDOWN'
    value: '### Keyword *do.sell fish*'
  range: null
