data: !GeneratedTestData
  character: 29
  line: 50
  name: Robot Library Keyword
result:
- !LocationLink
  origin_selection_range:
    end:
      character: 30
      line: 50
    start:
      character: 16
      line: 50
  target_range:
    end:
      character: 0
      line: 786
    start:
      character: 0
      line: 785
  target_selection_range:
    end:
      character: 0
      line: 786
    start:
      character: 0
      line: 785
  target_uri: Collections.py
