data: !GeneratedTestData
  character: 31
  line: 245
  name: AND
result: null
