data: !GeneratedTestData
  character: 15
  line: 252
  name: simple keyword with extra spaces and parameter
result: !Hover
  contents:
    kind: !MarkupKind 'MARKDOWN'
    value: '### Keyword *a simple keyword*'
  range: null
