data: !GeneratedTestData
  character: 10
  line: 16
  name: keyword assignment allready defined
result: !DocumentSymbol
  children: []
  deprecated: null
  detail: null
  kind: 6
  name: first
  range:
    end:
      character: 19
      line: 32
    start:
      character: 0
      line: 11
  selection_range:
    end:
      character: 19
      line: 32
    start:
      character: 0
      line: 11
  tags: null
