data: !GeneratedTestData
  character: 2
  line: 130
  name: Embedded keyword
result:
- !Location
  range:
    end:
      character: 33
      line: 130
    start:
      character: 0
      line: 130
  uri: tests/references.robot
