data: !GeneratedTestData
  character: 13
  line: 264
  name: argument usage
result: null
