data: !GeneratedTestData
  character: 28
  line: 95
  name: a keyword in template
result:
- !LocationLink
  origin_selection_range:
    end:
      character: 29
      line: 95
    start:
      character: 26
      line: 95
  target_range:
    end:
      character: 0
      line: 2951
    start:
      character: 0
      line: 2950
  target_selection_range:
    end:
      character: 0
      line: 2951
    start:
      character: 0
      line: 2950
  target_uri: BuiltIn.py
