data: !GeneratedTestData
  character: 21
  line: 119
  name: an argument
result:
- !DocumentHighlight
  kind: !DocumentHighlightKind 'TEXT'
  range:
    end:
      character: 23
      line: 119
    start:
      character: 21
      line: 119
- !DocumentHighlight
  kind: !DocumentHighlightKind 'TEXT'
  range:
    end:
      character: 15
      line: 123
    start:
      character: 13
      line: 123
