data: !GeneratedTestData
  character: 6
  line: 74
  name: a keyword with emoji 1
result:
- !DocumentHighlight
  kind: !DocumentHighlightKind 'TEXT'
  range:
    end:
      character: 6
      line: 74
    start:
      character: 4
      line: 74
- !DocumentHighlight
  kind: !DocumentHighlightKind 'TEXT'
  range:
    end:
      character: 6
      line: 76
    start:
      character: 4
      line: 76
