data: !GeneratedTestData
  character: 29
  line: 71
  name: Keyword from resource
result:
- !LocationLink
  origin_selection_range:
    end:
      character: 30
      line: 71
    start:
      character: 4
      line: 71
  target_range:
    end:
      character: 26
      line: 4
    start:
      character: 0
      line: 4
  target_selection_range:
    end:
      character: 26
      line: 4
    start:
      character: 0
      line: 4
  target_uri: firstresource.resource
